                                 The SAS System                                1

                    Obs    id    program    weight    month

                      1     1       1        289.5       0 
                      2     1       1        272.4       3 
                      3     1       1        280.1       6 
                      4     1       1        298.7       9 
                      5     1       1        277.6      12 
                      6     2       1        241.9       0 
                      7     2       1        233.5       3 
                      8     2       1        232.2       6 
                      9     2       1        245.4       9 
                     10     2       1        228.8      12 
        UNIVARIATE ANALYSIS VIA SPLIT PLOT SPECIFICATION USING PROC GLM        2

                               The GLM Procedure

                            Class Level Information
 
Class       Levels  Values

month            5  0 3 6 9 12                                                  

program          3  1 2 3                                                       

id             100  1 2 3 4 5 6 7 8 9 10 11 12 13 14 15 16 17 18 19 20 21 22 23 
                    24 25 26 27 28 29 30 31 32 33 34 35 36 37 38 39 40 41 42 43 
                    44 45 46 47 48 49 50 51 52 53 54 55 56 57 58 59 60 61 62 63 
                    64 65 66 67 68 69 70 71 72 73 74 75 76 77 78 79 80 81 82 83 
                    84 85 86 87 88 89 90 91 92 93 94 95 96 97 98 99 100         


                    Number of Observations Read         500
                    Number of Observations Used         500
        UNIVARIATE ANALYSIS VIA SPLIT PLOT SPECIFICATION USING PROC GLM        3

                               The GLM Procedure
 
                         Dependent Variable: weight   

                                       Sum of
 Source                     DF        Squares    Mean Square   F Value   Pr > F

 Model                     111    523744.3347      4718.4174     48.13   <.0001

 Error                     388     38035.8327        98.0305                   

 Corrected Total           499    561780.1674                                  


              R-Square     Coeff Var      Root MSE    weight Mean

              0.932294      4.435459      9.901035       223.2246


 Source                     DF      Type I SS    Mean Square   F Value   Pr > F

 program                     2    153016.0336     76508.0168    780.45   <.0001
 id(program)                97    185834.2698      1915.8172     19.54   <.0001
 month                       4     89521.8883     22380.4721    228.30   <.0001
 month*program               8     95372.1430     11921.5179    121.61   <.0001


 Source                     DF    Type III SS    Mean Square   F Value   Pr > F

 program                     2    153016.0336     76508.0168    780.45   <.0001
 id(program)                97    185834.2698      1915.8172     19.54   <.0001
 month                       4    102443.2197     25610.8049    261.25   <.0001
 month*program               8     95372.1430     11921.5179    121.61   <.0001
        UNIVARIATE ANALYSIS VIA SPLIT PLOT SPECIFICATION USING PROC GLM        4

                               The GLM Procedure

Source                Type III Expected Mean Square

program               Var(Error) + 5 Var(id(program)) + Q(program,month*program)

id(program)           Var(Error) + 5 Var(id(program))                           

month                 Var(Error) + Q(month,month*program)                       

month*program         Var(Error) + Q(month*program)                             
        UNIVARIATE ANALYSIS VIA SPLIT PLOT SPECIFICATION USING PROC GLM        5

                               The GLM Procedure
            Tests of Hypotheses for Mixed Model Analysis of Variance
 
                         Dependent Variable: weight   

     Source                    DF   Type III SS   Mean Square  F Value  Pr > F

  *  program                    2        153016         76508    39.93  <.0001

     Error                     97        185834   1915.817215                 
  Error: MS(id(program))
  * This test assumes one or more other fixed effects are zero.


     Source                    DF   Type III SS   Mean Square  F Value  Pr > F

     id(program)               97        185834   1915.817215    19.54  <.0001
  *  month                      4        102443         25611   261.25  <.0001
     month*program              8         95372         11922   121.61  <.0001

     Error: MS(Error)         388         38036     98.030497                 
  * This test assumes one or more other fixed effects are zero.
                      UNIVARIATE ANALYSIS USING PROC MIXED                     6

                              The Mixed Procedure

                               Model Information

             Data Set                     WORK.WEIGHT2             
             Dependent Variable           weight                   
             Covariance Structure         Variance Components      
             Estimation Method            Type 3                   
             Residual Variance Method     Factor                   
             Fixed Effects SE Method      Model-Based              
             Degrees of Freedom Method    Containment              


                            Class Level Information
 
              Class      Levels    Values

              month           5    0 3 6 9 12                    
              program         3    1 2 3                         
              id            100    1 2 3 4 5 6 7 8 9 10 11 12 13 
                                   14 15 16 17 18 19 20 21 22 23 
                                   24 25 26 27 28 29 30 31 32 33 
                                   34 35 36 37 38 39 40 41 42 43 
                                   44 45 46 47 48 49 50 51 52 53 
                                   54 55 56 57 58 59 60 61 62 63 
                                   64 65 66 67 68 69 70 71 72 73 
                                   74 75 76 77 78 79 80 81 82 83 
                                   84 85 86 87 88 89 90 91 92 93 
                                   94 95 96 97 98 99 100         


                                  Dimensions

                      Covariance Parameters             2
                      Columns in X                     24
                      Columns in Z                    100
                      Subjects                          1
                      Max Obs per Subject             500


                            Number of Observations

                  Number of Observations Read             500
                  Number of Observations Used             500
                  Number of Observations Not Used           0


                          Type 3 Analysis of Variance
 
                                            Sum of
             Source             DF         Squares     Mean Square

             program             2          153016           76508
             month               4          102443           25611
             month*program       8           95372           11922
             id(program)        97          185834     1915.817215
             Residual          388           38036       98.030497
                      UNIVARIATE ANALYSIS USING PROC MIXED                     7

                              The Mixed Procedure

                          Type 3 Analysis of Variance
 
                                                                          Error
Source         Expected Mean Square                   Error Term             DF

program        Var(Residual) + 5 Var(id(program))     MS(id(program))        97
               + Q(program,month*program)                                      
month          Var(Residual) +                        MS(Residual)          388
               Q(month,month*program)                                          
month*program  Var(Residual) + Q(month*program)       MS(Residual)          388
id(program)    Var(Residual) + 5 Var(id(program))     MS(Residual)          388
Residual       Var(Residual)                          .                       .

                          Type 3 Analysis of Variance
 
                        Source         F Value    Pr > F

                        program          39.93    <.0001
                        month           261.25    <.0001
                        month*program   121.61    <.0001
                        id(program)      19.54    <.0001
                        Residual           .       .    


                              Covariance Parameter
                                   Estimates
 
                            Cov Parm        Estimate

                            id(program)       363.56
                            Residual         98.0305


                                Fit Statistics

                     -2 Res Log Likelihood          3941.1
                     AIC (Smaller is Better)        3945.1
                     AICC (Smaller is Better)       3945.1
                     BIC (Smaller is Better)        3950.3


                         Type 3 Tests of Fixed Effects
 
                                 Num     Den
               Effect             DF      DF    F Value    Pr > F

               program             2      97      39.93    <.0001
               month               4     388     261.25    <.0001
               month*program       8     388     121.61    <.0001
            UNIVARIATE ANALYSIS USING REPEATED STATEMENT IN PROC GLM           8

                               The GLM Procedure

                            Class Level Information
 
                         Class         Levels    Values

                         program            3    1 2 3 


                    Number of Observations Read         100
                    Number of Observations Used         100
            UNIVARIATE ANALYSIS USING REPEATED STATEMENT IN PROC GLM           9

                               The GLM Procedure
                     Repeated Measures Analysis of Variance

                       Repeated Measures Level Information
 
       Dependent Variable      month0   month3   month6   month9  month12

           Level of month           1        2        3        4        5


   Partial Correlation Coefficients from the Error SSCP Matrix / Prob > |r|
                                       
 DF = 97        month0        month3        month6        month9       month12

 month0       1.000000      0.799070      0.822980      0.828482      0.827961
                              <.0001        <.0001        <.0001        <.0001

 month3       0.799070      1.000000      0.796874      0.776135      0.722062
                <.0001                      <.0001        <.0001        <.0001

 month6       0.822980      0.796874      1.000000      0.779139      0.789190
                <.0001        <.0001                      <.0001        <.0001

 month9       0.828482      0.776135      0.779139      1.000000      0.762160
                <.0001        <.0001        <.0001                      <.0001

 month12      0.827961      0.722062      0.789190      0.762160      1.000000
                <.0001        <.0001        <.0001        <.0001              


                             E = Error SSCP Matrix
                                       
  month_N represents the contrast between the nth level of month and the last
 
                       month_1      month_2      month_3      month_4

          month_1        15687        12445        10194        11749
          month_2        12445        25206        13756        14172
          month_3        10194        13756        20457        11212
          month_4        11749        14172        11212        22959


       Partial Correlation Coefficients from the Error SSCP Matrix of the
         Variables Defined by the Specified Transformation / Prob > |r|
                                        
      DF = 97        month_1        month_2        month_3        month_4

      month_1       1.000000       0.625866       0.569051       0.619090
                                     <.0001         <.0001         <.0001

      month_2       0.625866       1.000000       0.605785       0.589134
                      <.0001                        <.0001         <.0001

      month_3       0.569051       0.605785       1.000000       0.517336
                      <.0001         <.0001                        <.0001
            UNIVARIATE ANALYSIS USING REPEATED STATEMENT IN PROC GLM          10

                               The GLM Procedure
                     Repeated Measures Analysis of Variance

       Partial Correlation Coefficients from the Error SSCP Matrix of the
         Variables Defined by the Specified Transformation / Prob > |r|
                                        
      DF = 97        month_1        month_2        month_3        month_4

      month_4       0.619090       0.589134       0.517336       1.000000
                      <.0001         <.0001         <.0001               


                                Sphericity Tests
 
                                       Mauchly's
    Variables                    DF    Criterion    Chi-Square    Pr > ChiSq

    Transformed Variates          9    0.1767037     165.38391        <.0001
    Orthogonal Components         9    0.8530931     15.160429        0.0866
            UNIVARIATE ANALYSIS USING REPEATED STATEMENT IN PROC GLM          11

                               The GLM Procedure
                     Repeated Measures Analysis of Variance
                Tests of Hypotheses for Between Subjects Effects

 Source                     DF    Type III SS    Mean Square   F Value   Pr > F

 program                     2    153016.0336     76508.0168     39.93   <.0001
 Error                      97    185834.2698      1915.8172                   
            UNIVARIATE ANALYSIS USING REPEATED STATEMENT IN PROC GLM          12

                               The GLM Procedure
                     Repeated Measures Analysis of Variance
           Univariate Tests of Hypotheses for Within Subject Effects

 Source                     DF    Type III SS    Mean Square   F Value   Pr > F

 month                       4    102443.2197     25610.8049    261.25   <.0001
 month*program               8     95372.1430     11921.5179    121.61   <.0001
 Error(month)              388     38035.8327        98.0305                   

                                              Adj Pr > F
                    Source                  G - G     H-F-L

                    month                  <.0001    <.0001
                    month*program          <.0001    <.0001
                    Error(month)                           


                     Greenhouse-Geisser Epsilon      0.9312
                     Huynh-Feldt-Lecoutre Epsilon    0.9730
                      ORTHOGONAL POLYNOMIAL TRANSFORMATION                    13

                               The GLM Procedure

                            Class Level Information
 
                         Class         Levels    Values

                         program            3    1 2 3 


                    Number of Observations Read         100
                    Number of Observations Used         100
                      ORTHOGONAL POLYNOMIAL TRANSFORMATION                    14

                               The GLM Procedure
                     Repeated Measures Analysis of Variance

                       Repeated Measures Level Information
 
       Dependent Variable      month0   month3   month6   month9  month12

           Level of month           0        3        6        9       12


        month_N represents the nth degree polynomial contrast for month
                                       
                   M Matrix Describing Transformed Variables
 
                month0        month3        month6        month9       month12

 month_1  -.6324555320  -.3162277660  -.0000000000  0.3162277660  0.6324555320
 month_2  0.5345224838  -.2672612419  -.5345224838  -.2672612419  0.5345224838
 month_3  -.3162277660  0.6324555320  0.0000000000  -.6324555320  0.3162277660
 month_4  0.1195228609  -.4780914437  0.7171371656  -.4780914437  0.1195228609
                      ORTHOGONAL POLYNOMIAL TRANSFORMATION                    15

                               The GLM Procedure
                     Repeated Measures Analysis of Variance
                Tests of Hypotheses for Between Subjects Effects

 Source                     DF    Type III SS    Mean Square   F Value   Pr > F

 program                     2    153016.0336     76508.0168     39.93   <.0001
 Error                      97    185834.2698      1915.8172                   
                      ORTHOGONAL POLYNOMIAL TRANSFORMATION                    16

                               The GLM Procedure
                     Repeated Measures Analysis of Variance
           Univariate Tests of Hypotheses for Within Subject Effects

 Source                     DF    Type III SS    Mean Square   F Value   Pr > F

 month                       4    102443.2197     25610.8049    261.25   <.0001
 month*program               8     95372.1430     11921.5179    121.61   <.0001
 Error(month)              388     38035.8327        98.0305                   

                                              Adj Pr > F
                    Source                  G - G     H-F-L

                    month                  <.0001    <.0001
                    month*program          <.0001    <.0001
                    Error(month)                           


                     Greenhouse-Geisser Epsilon      0.9312
                     Huynh-Feldt-Lecoutre Epsilon    0.9730
                      ORTHOGONAL POLYNOMIAL TRANSFORMATION                    17

                               The GLM Procedure
                     Repeated Measures Analysis of Variance
                   Analysis of Variance of Contrast Variables
 
        month_N represents the nth degree polynomial contrast for month

                           Contrast Variable: month_1


 Source                     DF    Type III SS    Mean Square   F Value   Pr > F

 Mean                        1    86270.66119    86270.66119    980.41   <.0001
 program                     2    88885.48182    44442.74091    505.06   <.0001
 Error                      97     8535.44442       87.99427                   


                           Contrast Variable: month_2


 Source                     DF    Type III SS    Mean Square   F Value   Pr > F

 Mean                        1    10049.49713    10049.49713     95.69   <.0001
 program                     2      242.75383      121.37691      1.16   0.3191
 Error                      97    10187.56114      105.02640                   


                           Contrast Variable: month_3


 Source                     DF    Type III SS    Mean Square   F Value   Pr > F

 Mean                        1    4145.503783    4145.503783     43.62   <.0001
 program                     2    4841.278716    2420.639358     25.47   <.0001
 Error                      97    9218.311644      95.034141                   


                           Contrast Variable: month_4


 Source                     DF    Type III SS    Mean Square   F Value   Pr > F

 Mean                        1     1977.55762     1977.55762     19.00   <.0001
 program                     2     1402.62861      701.31431      6.74   0.0018
 Error                      97    10094.51549      104.06717                   
                      UNNORMALIZED PROFILE TRANSFORMATION                     18

                               The GLM Procedure

                            Class Level Information
 
                         Class         Levels    Values

                         program            3    1 2 3 


                    Number of Observations Read         100
                    Number of Observations Used         100
                      UNNORMALIZED PROFILE TRANSFORMATION                     19

                               The GLM Procedure
                     Repeated Measures Analysis of Variance

                       Repeated Measures Level Information
 
       Dependent Variable      month0   month3   month6   month9  month12

           Level of month           0        3        6        9       12


           month_N represents the nth successive difference in month
                                       
                   M Matrix Describing Transformed Variables
 
                month0        month3        month6        month9       month12

 month_1   1.000000000  -1.000000000   0.000000000   0.000000000   0.000000000
 month_2   0.000000000   1.000000000  -1.000000000   0.000000000   0.000000000
 month_3   0.000000000   0.000000000   1.000000000  -1.000000000   0.000000000
 month_4   0.000000000   0.000000000   0.000000000   1.000000000  -1.000000000
                      UNNORMALIZED PROFILE TRANSFORMATION                     20

                               The GLM Procedure
                     Repeated Measures Analysis of Variance
                Tests of Hypotheses for Between Subjects Effects

 Source                     DF    Type III SS    Mean Square   F Value   Pr > F

 program                     2    153016.0336     76508.0168     39.93   <.0001
 Error                      97    185834.2698      1915.8172                   
                      UNNORMALIZED PROFILE TRANSFORMATION                     21

                               The GLM Procedure
                     Repeated Measures Analysis of Variance
           Univariate Tests of Hypotheses for Within Subject Effects

 Source                     DF    Type III SS    Mean Square   F Value   Pr > F

 month                       4    102443.2197     25610.8049    261.25   <.0001
 month*program               8     95372.1430     11921.5179    121.61   <.0001
 Error(month)              388     38035.8327        98.0305                   

                                              Adj Pr > F
                    Source                  G - G     H-F-L

                    month                  <.0001    <.0001
                    month*program          <.0001    <.0001
                    Error(month)                           


                     Greenhouse-Geisser Epsilon      0.9312
                     Huynh-Feldt-Lecoutre Epsilon    0.9730
                      UNNORMALIZED PROFILE TRANSFORMATION                     22

                               The GLM Procedure
                     Repeated Measures Analysis of Variance
                   Analysis of Variance of Contrast Variables
 
           month_N represents the nth successive difference in month

                           Contrast Variable: month_1


 Source                     DF    Type III SS    Mean Square   F Value   Pr > F

 Mean                        1    68077.07616    68077.07616    412.65   <.0001
 program                     2     6570.69872     3285.34936     19.91   <.0001
 Error                      97    16002.53888      164.97463                   


                           Contrast Variable: month_2


 Source                     DF    Type III SS    Mean Square   F Value   Pr > F

 Mean                        1      665.72581      665.72581      3.56   0.0623
 program                     2     8464.43957     4232.21979     22.62   <.0001
 Error                      97    18150.89083      187.12259                   


                           Contrast Variable: month_3


 Source                     DF    Type III SS    Mean Square   F Value   Pr > F

 Mean                        1     6165.43721     6165.43721     28.49   <.0001
 program                     2    30495.71218    15247.85609     70.46   <.0001
 Error                      97    20992.49742      216.41750                   


                           Contrast Variable: month_4


 Source                     DF    Type III SS    Mean Square   F Value   Pr > F

 Mean                        1     2210.05505     2210.05505      9.34   0.0029
 program                     2     1332.92452      666.46226      2.82   0.0648
 Error                      97    22958.95508      236.69026                   
                      UNNORMALIZED HELMERT TRANSFORMATION                     23

                               The GLM Procedure

                            Class Level Information
 
                         Class         Levels    Values

                         program            3    1 2 3 


                    Number of Observations Read         100
                    Number of Observations Used         100
                      UNNORMALIZED HELMERT TRANSFORMATION                     24

                               The GLM Procedure
                     Repeated Measures Analysis of Variance

                       Repeated Measures Level Information
 
       Dependent Variable      month0   month3   month6   month9  month12

           Level of month           0        3        6        9       12


                month_N represents the contrast between the nth
                level of month and the mean of subsequent levels
                                        
                   M Matrix Describing Transformed Variables
 
                month0        month3        month6        month9       month12

 month_1   1.000000000  -0.250000000  -0.250000000  -0.250000000  -0.250000000
 month_2   0.000000000   1.000000000  -0.333333333  -0.333333333  -0.333333333
 month_3   0.000000000   0.000000000   1.000000000  -0.500000000  -0.500000000
 month_4   0.000000000   0.000000000   0.000000000   1.000000000  -1.000000000
                      UNNORMALIZED HELMERT TRANSFORMATION                     25

                               The GLM Procedure
                     Repeated Measures Analysis of Variance
                Tests of Hypotheses for Between Subjects Effects

 Source                     DF    Type III SS    Mean Square   F Value   Pr > F

 program                     2    153016.0336     76508.0168     39.93   <.0001
 Error                      97    185834.2698      1915.8172                   
                      UNNORMALIZED HELMERT TRANSFORMATION                     26

                               The GLM Procedure
                     Repeated Measures Analysis of Variance
           Univariate Tests of Hypotheses for Within Subject Effects

 Source                     DF    Type III SS    Mean Square   F Value   Pr > F

 month                       4    102443.2197     25610.8049    261.25   <.0001
 month*program               8     95372.1430     11921.5179    121.61   <.0001
 Error(month)              388     38035.8327        98.0305                   

                                              Adj Pr > F
                    Source                  G - G     H-F-L

                    month                  <.0001    <.0001
                    month*program          <.0001    <.0001
                    Error(month)                           


                     Greenhouse-Geisser Epsilon      0.9312
                     Huynh-Feldt-Lecoutre Epsilon    0.9730
                      UNNORMALIZED HELMERT TRANSFORMATION                     27

                               The GLM Procedure
                     Repeated Measures Analysis of Variance
                   Analysis of Variance of Contrast Variables
 
month_N represents the contrast between the nth level of month and the mean of 
                               subsequent levels

                           Contrast Variable: month_1


 Source                     DF    Type III SS    Mean Square   F Value   Pr > F

 Mean                        1    109746.4669    109746.4669   1387.13   <.0001
 program                     2     52144.9430     26072.4715    329.54   <.0001
 Error                      97      7674.4218        79.1178                   


                           Contrast Variable: month_2


 Source                     DF    Type III SS    Mean Square   F Value   Pr > F

 Mean                        1     8801.99273     8801.99273     61.41   <.0001
 program                     2    43483.50869    21741.75435    151.70   <.0001
 Error                      97    13902.55909      143.32535                   


                           Contrast Variable: month_3


 Source                     DF    Type III SS    Mean Square   F Value   Pr > F

 Mean                        1    10409.28618    10409.28618     67.38   <.0001
 program                     2    30565.64224    15282.82112     98.93   <.0001
 Error                      97    14984.84766      154.48297                   


                           Contrast Variable: month_4


 Source                     DF    Type III SS    Mean Square   F Value   Pr > F

 Mean                        1     2210.05505     2210.05505      9.34   0.0029
 program                     2     1332.92452      666.46226      2.82   0.0648
 Error                      97    22958.95508      236.69026                   
             MULTIVARIATE ANALYSIS USING PROC GLM MANOVA STATEMENT            28

                               The GLM Procedure

                            Class Level Information
 
                         Class         Levels    Values

                         program            3    1 2 3 


                    Number of Observations Read         100
                    Number of Observations Used         100
             MULTIVARIATE ANALYSIS USING PROC GLM MANOVA STATEMENT            29

                               The GLM Procedure

 Level of          -----------month0-----------    -----------month3-----------
 program      N            Mean         Std Dev            Mean         Std Dev

 1           34      248.423529      16.9777583      233.482353      19.5923682
 2           28      250.471429      22.4160798      216.310714      21.3854111
 3           38      246.897368      20.9284300      217.100000      20.3447051

 Level of          -----------month6-----------    -----------month9-----------
 program      N            Mean         Std Dev            Mean         Std Dev

 1           34      240.532353      18.0009549      249.717647      20.8628199
 2           28      200.482143      25.1655563      167.060714      23.1725786
 3           38      218.076316      23.2466962      218.568421      22.2966136

                Level of          -----------month12-----------
                program      N            Mean          Std Dev

                1           34      248.547059       18.3022641
                2           28      163.528571       26.4882344
                3           38      209.055263       22.7879496
             MULTIVARIATE ANALYSIS USING PROC GLM MANOVA STATEMENT            30

                               The GLM Procedure
                       Multivariate Analysis of Variance

                             E = Error SSCP Matrix
 
                month0        month3        month6        month9       month12

 month0   39285.008056  31806.252689  35658.227464  35696.341296  36404.750736
 month3   31806.252689  40330.036197  34983.324769  33882.792374  32167.939664
 month6   35658.227464  34983.324769  47787.504167  37025.392524  38271.302258
 month9   35696.341296  33882.792374  37025.392524  47255.778303  36754.299509
 month12  36404.750736  32167.939664  38271.302258  36754.299509  49211.775796


   Partial Correlation Coefficients from the Error SSCP Matrix / Prob > |r|
                                       
 DF = 97        month0        month3        month6        month9       month12

 month0       1.000000      0.799070      0.822980      0.828482      0.827961
                              <.0001        <.0001        <.0001        <.0001

 month3       0.799070      1.000000      0.796874      0.776135      0.722062
                <.0001                      <.0001        <.0001        <.0001

 month6       0.822980      0.796874      1.000000      0.779139      0.789190
                <.0001        <.0001                      <.0001        <.0001

 month9       0.828482      0.776135      0.779139      1.000000      0.762160
                <.0001        <.0001        <.0001                      <.0001

 month12      0.827961      0.722062      0.789190      0.762160      1.000000
                <.0001        <.0001        <.0001        <.0001              
             MULTIVARIATE ANALYSIS USING PROC GLM MANOVA STATEMENT            31

                               The GLM Procedure
                       Multivariate Analysis of Variance

                     H = Type III SSCP Matrix for program
 
                month0        month3        month6        month9       month12

 month0   205.93304383  -41.76598908  -1007.101964  -2956.014196  -2610.110236
 month3   -41.76598908  6281.2337025  11447.968731  20537.866326  22639.478836
 month6   -1007.101964  11447.968731  25079.143333  50195.002976  52396.200242
 month9   -2956.014196  20537.866326  50195.002976   105806.5748  107744.47099
 month12  -2610.110236  22639.478836  52396.200242  107744.47099   111015.2917


           Characteristic Roots and Vectors of: E Inverse * H, where
                      H = Type III SSCP Matrix for program
                             E = Error SSCP Matrix
 
Characteristic           Characteristic Vector  V'EV=1
          Root  Percent        month0        month3        month6        month9
                              month12

    12.4035717    98.48   -0.00879736   -0.00156214    0.00020885    0.00558186
                           0.00510998
     0.1919684     1.52   -0.00417939    0.00661899    0.00156174   -0.00531341
                           0.00310681
     0.0000000     0.00    0.00551452   -0.00087777   -0.00019958    0.00076108
                          -0.00033580
     0.0000000     0.00    0.00340169   -0.00219805   -0.00441615   -0.00373496
                           0.00623745
     0.0000000     0.00    0.00005659    0.00597855   -0.00806516    0.00266724
                           0.00000000


                 MANOVA Test Criteria and F Approximations for
                  the Hypothesis of No Overall program Effect
                      H = Type III SSCP Matrix for program
                             E = Error SSCP Matrix
                                        
                              S=2    M=1    N=45.5
 
Statistic                        Value    F Value    Num DF    Den DF    Pr > F

Wilks' Lambda               0.06259141      55.75        10       186    <.0001
Pillai's Trace              1.08644460      22.36        10       188    <.0001
Hotelling-Lawley Trace     12.59554012     116.32        10    136.78    <.0001
Roy's Greatest Root        12.40357172     233.19         5        94    <.0001

         NOTE: F Statistic for Roy's Greatest Root is an upper bound.
                 NOTE: F Statistic for Wilks' Lambda is exact.
                         MULTIVARIATE PROFILE ANALYSIS                        32

                               The GLM Procedure

                            Class Level Information
 
                         Class         Levels    Values

                         program            3    1 2 3 


                    Number of Observations Read         100
                    Number of Observations Used         100
                         MULTIVARIATE PROFILE ANALYSIS                        33

                               The GLM Procedure
                     Repeated Measures Analysis of Variance

                       Repeated Measures Level Information
 
       Dependent Variable      month0   month3   month6   month9  month12

           Level of month           1        2        3        4        5


   Partial Correlation Coefficients from the Error SSCP Matrix / Prob > |r|
                                       
 DF = 97        month0        month3        month6        month9       month12

 month0       1.000000      0.799070      0.822980      0.828482      0.827961
                              <.0001        <.0001        <.0001        <.0001

 month3       0.799070      1.000000      0.796874      0.776135      0.722062
                <.0001                      <.0001        <.0001        <.0001

 month6       0.822980      0.796874      1.000000      0.779139      0.789190
                <.0001        <.0001                      <.0001        <.0001

 month9       0.828482      0.776135      0.779139      1.000000      0.762160
                <.0001        <.0001        <.0001                      <.0001

 month12      0.827961      0.722062      0.789190      0.762160      1.000000
                <.0001        <.0001        <.0001        <.0001              


                             E = Error SSCP Matrix
                                       
  month_N represents the contrast between the nth level of month and the last
 
                       month_1      month_2      month_3      month_4

          month_1        15687        12445        10194        11749
          month_2        12445        25206        13756        14172
          month_3        10194        13756        20457        11212
          month_4        11749        14172        11212        22959


       Partial Correlation Coefficients from the Error SSCP Matrix of the
         Variables Defined by the Specified Transformation / Prob > |r|
                                        
      DF = 97        month_1        month_2        month_3        month_4

      month_1       1.000000       0.625866       0.569051       0.619090
                                     <.0001         <.0001         <.0001

      month_2       0.625866       1.000000       0.605785       0.589134
                      <.0001                        <.0001         <.0001

      month_3       0.569051       0.605785       1.000000       0.517336
                      <.0001         <.0001                        <.0001
                         MULTIVARIATE PROFILE ANALYSIS                        34

                               The GLM Procedure
                     Repeated Measures Analysis of Variance

       Partial Correlation Coefficients from the Error SSCP Matrix of the
         Variables Defined by the Specified Transformation / Prob > |r|
                                        
      DF = 97        month_1        month_2        month_3        month_4

      month_4       0.619090       0.589134       0.517336       1.000000
                      <.0001         <.0001         <.0001               


                                Sphericity Tests
 
                                       Mauchly's
    Variables                    DF    Criterion    Chi-Square    Pr > ChiSq

    Transformed Variates          9    0.1767037     165.38391        <.0001
    Orthogonal Components         9    0.8530931     15.160429        0.0866


                  MANOVA Test Criteria and Exact F Statistics
                     for the Hypothesis of no month Effect
                       H = Type III SSCP Matrix for month
                             E = Error SSCP Matrix
                                        
                               S=1    M=1    N=46
 
Statistic                        Value    F Value    Num DF    Den DF    Pr > F

Wilks' Lambda               0.05741680     385.79         4        94    <.0001
Pillai's Trace              0.94258320     385.79         4        94    <.0001
Hotelling-Lawley Trace     16.41650655     385.79         4        94    <.0001
Roy's Greatest Root        16.41650655     385.79         4        94    <.0001


                 MANOVA Test Criteria and F Approximations for
                   the Hypothesis of no month*program Effect
                   H = Type III SSCP Matrix for month*program
                             E = Error SSCP Matrix
                                        
                              S=2    M=0.5    N=46
 
Statistic                        Value    F Value    Num DF    Den DF    Pr > F

Wilks' Lambda               0.06440366      69.10         8       188    <.0001
Pillai's Trace              1.06974856      27.31         8       190    <.0001
Hotelling-Lawley Trace     12.44407620     145.31         8    131.98    <.0001
Roy's Greatest Root        12.27437382     291.52         4        95    <.0001

         NOTE: F Statistic for Roy's Greatest Root is an upper bound.
                 NOTE: F Statistic for Wilks' Lambda is exact.
                         MULTIVARIATE PROFILE ANALYSIS                        35

                               The GLM Procedure
                     Repeated Measures Analysis of Variance
                Tests of Hypotheses for Between Subjects Effects

 Source                     DF    Type III SS    Mean Square   F Value   Pr > F

 program                     2    153016.0336     76508.0168     39.93   <.0001
 Error                      97    185834.2698      1915.8172                   
